// Jest Snapshot v1, https://goo.gl/fbAQLP

exports[`Base renders on the page with no errors 1`] = `
ShallowWrapper {
  "length": 1,
  Symbol(enzyme.__root__): [Circular],
  Symbol(enzyme.__unrendered__): <Base
    match={
      Object {
        "path": "/accounts",
      }
    }
  />,
  Symbol(enzyme.__renderer__): Object {
    "batchedUpdates": [Function],
    "getNode": [Function],
    "render": [Function],
    "simulateEvent": [Function],
    "unmount": [Function],
  },
  Symbol(enzyme.__node__): Object {
    "instance": null,
    "key": undefined,
    "nodeType": "function",
    "props": Object {
      "centered": true,
      "children": Array [
        <GridRow>
          <Image
            as="img"
            src={Object {}}
            ui={true}
          />
        </GridRow>,
        <GridRow>
          <GridColumn
            width={16}
          >
            <Switch>
              <Route
                component={[Function]}
                exact={true}
                path="/accounts/login"
              />
              <Route
                component={[Function]}
                exact={true}
                path="/accounts/login/callback/:service"
              />
              <Route
                component={[Function]}
                exact={true}
                path="/accounts/reset"
              />
              <Route
                component={[Function]}
                exact={true}
                path="/accounts/reset/callback/:uid/:token"
              />
              <Route
                component={[Function]}
                exact={true}
                path="/accounts/signup"
              />
              <Route
                component={[Function]}
              />
            </Switch>
          </GridColumn>
        </GridRow>,
      ],
      "columns": 16,
    },
    "ref": null,
    "rendered": Array [
      Object {
        "instance": null,
        "key": undefined,
        "nodeType": "function",
        "props": Object {
          "children": <Image
            as="img"
            src={Object {}}
            ui={true}
          />,
        },
        "ref": null,
        "rendered": Object {
          "instance": null,
          "key": undefined,
          "nodeType": "function",
          "props": Object {
            "as": "img",
            "src": Object {},
            "ui": true,
          },
          "ref": null,
          "rendered": null,
          "type": [Function],
        },
        "type": [Function],
      },
      Object {
        "instance": null,
        "key": undefined,
        "nodeType": "function",
        "props": Object {
          "children": <GridColumn
            width={16}
          >
            <Switch>
              <Route
                component={[Function]}
                exact={true}
                path="/accounts/login"
              />
              <Route
                component={[Function]}
                exact={true}
                path="/accounts/login/callback/:service"
              />
              <Route
                component={[Function]}
                exact={true}
                path="/accounts/reset"
              />
              <Route
                component={[Function]}
                exact={true}
                path="/accounts/reset/callback/:uid/:token"
              />
              <Route
                component={[Function]}
                exact={true}
                path="/accounts/signup"
              />
              <Route
                component={[Function]}
              />
            </Switch>
          </GridColumn>,
        },
        "ref": null,
        "rendered": Object {
          "instance": null,
          "key": undefined,
          "nodeType": "function",
          "props": Object {
            "children": <Switch>
              <Route
                component={[Function]}
                exact={true}
                path="/accounts/login"
              />
              <Route
                component={[Function]}
                exact={true}
                path="/accounts/login/callback/:service"
              />
              <Route
                component={[Function]}
                exact={true}
                path="/accounts/reset"
              />
              <Route
                component={[Function]}
                exact={true}
                path="/accounts/reset/callback/:uid/:token"
              />
              <Route
                component={[Function]}
                exact={true}
                path="/accounts/signup"
              />
              <Route
                component={[Function]}
              />
            </Switch>,
            "width": 16,
          },
          "ref": null,
          "rendered": Object {
            "instance": null,
            "key": undefined,
            "nodeType": "class",
            "props": Object {
              "children": Array [
                <Route
                  component={[Function]}
                  exact={true}
                  path="/accounts/login"
                />,
                <Route
                  component={[Function]}
                  exact={true}
                  path="/accounts/login/callback/:service"
                />,
                <Route
                  component={[Function]}
                  exact={true}
                  path="/accounts/reset"
                />,
                <Route
                  component={[Function]}
                  exact={true}
                  path="/accounts/reset/callback/:uid/:token"
                />,
                <Route
                  component={[Function]}
                  exact={true}
                  path="/accounts/signup"
                />,
                <Route
                  component={[Function]}
                />,
              ],
            },
            "ref": null,
            "rendered": Array [
              Object {
                "instance": null,
                "key": undefined,
                "nodeType": "class",
                "props": Object {
                  "component": [Function],
                  "exact": true,
                  "path": "/accounts/login",
                },
                "ref": null,
                "rendered": null,
                "type": [Function],
              },
              Object {
                "instance": null,
                "key": undefined,
                "nodeType": "class",
                "props": Object {
                  "component": [Function],
                  "exact": true,
                  "path": "/accounts/login/callback/:service",
                },
                "ref": null,
                "rendered": null,
                "type": [Function],
              },
              Object {
                "instance": null,
                "key": undefined,
                "nodeType": "class",
                "props": Object {
                  "component": [Function],
                  "exact": true,
                  "path": "/accounts/reset",
                },
                "ref": null,
                "rendered": null,
                "type": [Function],
              },
              Object {
                "instance": null,
                "key": undefined,
                "nodeType": "class",
                "props": Object {
                  "component": [Function],
                  "exact": true,
                  "path": "/accounts/reset/callback/:uid/:token",
                },
                "ref": null,
                "rendered": null,
                "type": [Function],
              },
              Object {
                "instance": null,
                "key": undefined,
                "nodeType": "class",
                "props": Object {
                  "component": [Function],
                  "exact": true,
                  "path": "/accounts/signup",
                },
                "ref": null,
                "rendered": null,
                "type": [Function],
              },
              Object {
                "instance": null,
                "key": undefined,
                "nodeType": "class",
                "props": Object {
                  "component": [Function],
                },
                "ref": null,
                "rendered": null,
                "type": [Function],
              },
            ],
            "type": [Function],
          },
          "type": [Function],
        },
        "type": [Function],
      },
    ],
    "type": [Function],
  },
  Symbol(enzyme.__nodes__): Array [
    Object {
      "instance": null,
      "key": undefined,
      "nodeType": "function",
      "props": Object {
        "centered": true,
        "children": Array [
          <GridRow>
            <Image
              as="img"
              src={Object {}}
              ui={true}
            />
          </GridRow>,
          <GridRow>
            <GridColumn
              width={16}
            >
              <Switch>
                <Route
                  component={[Function]}
                  exact={true}
                  path="/accounts/login"
                />
                <Route
                  component={[Function]}
                  exact={true}
                  path="/accounts/login/callback/:service"
                />
                <Route
                  component={[Function]}
                  exact={true}
                  path="/accounts/reset"
                />
                <Route
                  component={[Function]}
                  exact={true}
                  path="/accounts/reset/callback/:uid/:token"
                />
                <Route
                  component={[Function]}
                  exact={true}
                  path="/accounts/signup"
                />
                <Route
                  component={[Function]}
                />
              </Switch>
            </GridColumn>
          </GridRow>,
        ],
        "columns": 16,
      },
      "ref": null,
      "rendered": Array [
        Object {
          "instance": null,
          "key": undefined,
          "nodeType": "function",
          "props": Object {
            "children": <Image
              as="img"
              src={Object {}}
              ui={true}
            />,
          },
          "ref": null,
          "rendered": Object {
            "instance": null,
            "key": undefined,
            "nodeType": "function",
            "props": Object {
              "as": "img",
              "src": Object {},
              "ui": true,
            },
            "ref": null,
            "rendered": null,
            "type": [Function],
          },
          "type": [Function],
        },
        Object {
          "instance": null,
          "key": undefined,
          "nodeType": "function",
          "props": Object {
            "children": <GridColumn
              width={16}
            >
              <Switch>
                <Route
                  component={[Function]}
                  exact={true}
                  path="/accounts/login"
                />
                <Route
                  component={[Function]}
                  exact={true}
                  path="/accounts/login/callback/:service"
                />
                <Route
                  component={[Function]}
                  exact={true}
                  path="/accounts/reset"
                />
                <Route
                  component={[Function]}
                  exact={true}
                  path="/accounts/reset/callback/:uid/:token"
                />
                <Route
                  component={[Function]}
                  exact={true}
                  path="/accounts/signup"
                />
                <Route
                  component={[Function]}
                />
              </Switch>
            </GridColumn>,
          },
          "ref": null,
          "rendered": Object {
            "instance": null,
            "key": undefined,
            "nodeType": "function",
            "props": Object {
              "children": <Switch>
                <Route
                  component={[Function]}
                  exact={true}
                  path="/accounts/login"
                />
                <Route
                  component={[Function]}
                  exact={true}
                  path="/accounts/login/callback/:service"
                />
                <Route
                  component={[Function]}
                  exact={true}
                  path="/accounts/reset"
                />
                <Route
                  component={[Function]}
                  exact={true}
                  path="/accounts/reset/callback/:uid/:token"
                />
                <Route
                  component={[Function]}
                  exact={true}
                  path="/accounts/signup"
                />
                <Route
                  component={[Function]}
                />
              </Switch>,
              "width": 16,
            },
            "ref": null,
            "rendered": Object {
              "instance": null,
              "key": undefined,
              "nodeType": "class",
              "props": Object {
                "children": Array [
                  <Route
                    component={[Function]}
                    exact={true}
                    path="/accounts/login"
                  />,
                  <Route
                    component={[Function]}
                    exact={true}
                    path="/accounts/login/callback/:service"
                  />,
                  <Route
                    component={[Function]}
                    exact={true}
                    path="/accounts/reset"
                  />,
                  <Route
                    component={[Function]}
                    exact={true}
                    path="/accounts/reset/callback/:uid/:token"
                  />,
                  <Route
                    component={[Function]}
                    exact={true}
                    path="/accounts/signup"
                  />,
                  <Route
                    component={[Function]}
                  />,
                ],
              },
              "ref": null,
              "rendered": Array [
                Object {
                  "instance": null,
                  "key": undefined,
                  "nodeType": "class",
                  "props": Object {
                    "component": [Function],
                    "exact": true,
                    "path": "/accounts/login",
                  },
                  "ref": null,
                  "rendered": null,
                  "type": [Function],
                },
                Object {
                  "instance": null,
                  "key": undefined,
                  "nodeType": "class",
                  "props": Object {
                    "component": [Function],
                    "exact": true,
                    "path": "/accounts/login/callback/:service",
                  },
                  "ref": null,
                  "rendered": null,
                  "type": [Function],
                },
                Object {
                  "instance": null,
                  "key": undefined,
                  "nodeType": "class",
                  "props": Object {
                    "component": [Function],
                    "exact": true,
                    "path": "/accounts/reset",
                  },
                  "ref": null,
                  "rendered": null,
                  "type": [Function],
                },
                Object {
                  "instance": null,
                  "key": undefined,
                  "nodeType": "class",
                  "props": Object {
                    "component": [Function],
                    "exact": true,
                    "path": "/accounts/reset/callback/:uid/:token",
                  },
                  "ref": null,
                  "rendered": null,
                  "type": [Function],
                },
                Object {
                  "instance": null,
                  "key": undefined,
                  "nodeType": "class",
                  "props": Object {
                    "component": [Function],
                    "exact": true,
                    "path": "/accounts/signup",
                  },
                  "ref": null,
                  "rendered": null,
                  "type": [Function],
                },
                Object {
                  "instance": null,
                  "key": undefined,
                  "nodeType": "class",
                  "props": Object {
                    "component": [Function],
                  },
                  "ref": null,
                  "rendered": null,
                  "type": [Function],
                },
              ],
              "type": [Function],
            },
            "type": [Function],
          },
          "type": [Function],
        },
      ],
      "type": [Function],
    },
  ],
  Symbol(enzyme.__options__): Object {
    "adapter": ReactSixteenAdapter {
      "options": Object {
        "enableComponentDidUpdateOnSetState": true,
      },
    },
  },
}
`;
