// Jest Snapshot v1, https://goo.gl/fbAQLP

exports[`Login renders on the page with no errors 1`] = `
<Fragment>
  <Grid
    centered={true}
    columns={16}
  >
    <GridRow>
      <p>
        <FormattedMessage
          defaultMessage="You can sign up / sign in with one of your existing third-party accounts."
          id="app.login.social"
          values={Object {}}
        />
      </p>
    </GridRow>
    <GridRow>
      <GridColumn
        width={8}
      >
        <Button
          as="button"
          color="red"
          floated="right"
          id="google"
          onClick={[Function]}
        >
          <Icon
            as="i"
            name="google"
          />
          <FormattedMessage
            defaultMessage="Sign in with Google"
            id="app.login.button_google"
            values={Object {}}
          />
        </Button>
      </GridColumn>
      <GridColumn
        width={8}
      >
        <Button
          as="button"
          color="black"
          floated="left"
          id="github"
          onClick={[Function]}
        >
          <Icon
            as="i"
            name="github"
          />
          <FormattedMessage
            defaultMessage="Sign in with GitHub"
            id="app.login.button_github"
            values={Object {}}
          />
        </Button>
      </GridColumn>
    </GridRow>
    <GridRow>
      <p>
        <FormattedMessage
          defaultMessage="Don't have any of those accounts?"
          id="app.login.social_question"
          values={Object {}}
        />
         
        <a
          href="/accounts/signup"
        >
          <FormattedMessage
            defaultMessage="Create a rovercode account."
            id="app.login.create"
            values={Object {}}
          />
        </a>
      </p>
    </GridRow>
    <GridRow>
      <p>
        <FormattedMessage
          defaultMessage="Already have a rovercode account? Sign in here:"
          id="app.login.account_question"
          values={Object {}}
        />
      </p>
    </GridRow>
    <GridRow>
      <GridColumn
        width={4}
      >
        <Segment
          raised={true}
          secondary={true}
        >
          <Form
            as="form"
            floated="left"
            onSubmit={[Function]}
          >
            <FormInput
              as={[Function]}
              control={[Function]}
              icon="user"
              iconPosition="left"
              onChange={[Function]}
              placeholder="Username"
              required={true}
            />
            <FormInput
              as={[Function]}
              control={[Function]}
              icon="lock"
              iconPosition="left"
              onChange={[Function]}
              placeholder="Password"
              required={true}
              type="password"
            />
            <FormButton
              as={[Function]}
              control={[Function]}
              primary={true}
              type="submit"
            >
              <FormattedMessage
                defaultMessage="Sign In"
                id="app.login.sign_in"
                values={Object {}}
              />
            </FormButton>
          </Form>
        </Segment>
      </GridColumn>
    </GridRow>
    <GridRow>
      <p>
        <a
          href="/accounts/reset"
        >
          <FormattedMessage
            defaultMessage="Forgot Password?"
            id="app.login.forgot"
            values={Object {}}
          />
        </a>
      </p>
    </GridRow>
  </Grid>
</Fragment>
`;
