// Jest Snapshot v1, https://goo.gl/fbAQLP

exports[`PasswordReset renders on the page with no errors 1`] = `
ShallowWrapper {
  Symbol(enzyme.__root__): [Circular],
  Symbol(enzyme.__unrendered__): <PasswordReset />,
  Symbol(enzyme.__renderer__): Object {
    "batchedUpdates": [Function],
    "checkPropTypes": [Function],
    "getNode": [Function],
    "render": [Function],
    "simulateError": [Function],
    "simulateEvent": [Function],
    "unmount": [Function],
  },
  Symbol(enzyme.__node__): Object {
    "instance": null,
    "key": undefined,
    "nodeType": "function",
    "props": Object {
      "centered": true,
      "children": Array [
        <GridRow>
          <Header
            size="huge"
          >
            Password Reset
          </Header>
        </GridRow>,
        <GridRow>
          <p>
            Forgotten your password?
          </p>
        </GridRow>,
        <GridRow>
          <p>
            Enter your e-mail address below, and we'll send you an e-mail allowing you to reset it.
          </p>
        </GridRow>,
        null,
        null,
        <GridRow>
          <GridColumn
            width={4}
          >
            <Segment
              raised={true}
              secondary={true}
            >
              <Form
                as="form"
                floated="left"
                onSubmit={[Function]}
              >
                <FormInput
                  as={[Function]}
                  control={[Function]}
                  error={null}
                  icon="mail"
                  iconPosition="left"
                  onChange={[Function]}
                  placeholder="Email"
                  required={true}
                />
                <FormButton
                  as={[Function]}
                  control={[Function]}
                  primary={true}
                  type="submit"
                >
                  Reset Password
                </FormButton>
              </Form>
            </Segment>
          </GridColumn>
        </GridRow>,
      ],
      "columns": 16,
    },
    "ref": null,
    "rendered": Array [
      Object {
        "instance": null,
        "key": undefined,
        "nodeType": "function",
        "props": Object {
          "children": <Header
            size="huge"
          >
            Password Reset
          </Header>,
        },
        "ref": null,
        "rendered": Object {
          "instance": null,
          "key": undefined,
          "nodeType": "function",
          "props": Object {
            "children": "Password Reset",
            "size": "huge",
          },
          "ref": null,
          "rendered": "Password Reset",
          "type": [Function],
        },
        "type": [Function],
      },
      Object {
        "instance": null,
        "key": undefined,
        "nodeType": "function",
        "props": Object {
          "children": <p>
            Forgotten your password?
          </p>,
        },
        "ref": null,
        "rendered": Object {
          "instance": null,
          "key": undefined,
          "nodeType": "host",
          "props": Object {
            "children": "Forgotten your password?",
          },
          "ref": null,
          "rendered": "Forgotten your password?",
          "type": "p",
        },
        "type": [Function],
      },
      Object {
        "instance": null,
        "key": undefined,
        "nodeType": "function",
        "props": Object {
          "children": <p>
            Enter your e-mail address below, and we'll send you an e-mail allowing you to reset it.
          </p>,
        },
        "ref": null,
        "rendered": Object {
          "instance": null,
          "key": undefined,
          "nodeType": "host",
          "props": Object {
            "children": "Enter your e-mail address below, and we'll send you an e-mail allowing you to reset it.",
          },
          "ref": null,
          "rendered": "Enter your e-mail address below, and we'll send you an e-mail allowing you to reset it.",
          "type": "p",
        },
        "type": [Function],
      },
      null,
      null,
      Object {
        "instance": null,
        "key": undefined,
        "nodeType": "function",
        "props": Object {
          "children": <GridColumn
            width={4}
          >
            <Segment
              raised={true}
              secondary={true}
            >
              <Form
                as="form"
                floated="left"
                onSubmit={[Function]}
              >
                <FormInput
                  as={[Function]}
                  control={[Function]}
                  error={null}
                  icon="mail"
                  iconPosition="left"
                  onChange={[Function]}
                  placeholder="Email"
                  required={true}
                />
                <FormButton
                  as={[Function]}
                  control={[Function]}
                  primary={true}
                  type="submit"
                >
                  Reset Password
                </FormButton>
              </Form>
            </Segment>
          </GridColumn>,
        },
        "ref": null,
        "rendered": Object {
          "instance": null,
          "key": undefined,
          "nodeType": "function",
          "props": Object {
            "children": <Segment
              raised={true}
              secondary={true}
            >
              <Form
                as="form"
                floated="left"
                onSubmit={[Function]}
              >
                <FormInput
                  as={[Function]}
                  control={[Function]}
                  error={null}
                  icon="mail"
                  iconPosition="left"
                  onChange={[Function]}
                  placeholder="Email"
                  required={true}
                />
                <FormButton
                  as={[Function]}
                  control={[Function]}
                  primary={true}
                  type="submit"
                >
                  Reset Password
                </FormButton>
              </Form>
            </Segment>,
            "width": 4,
          },
          "ref": null,
          "rendered": Object {
            "instance": null,
            "key": undefined,
            "nodeType": "function",
            "props": Object {
              "children": <Form
                as="form"
                floated="left"
                onSubmit={[Function]}
              >
                <FormInput
                  as={[Function]}
                  control={[Function]}
                  error={null}
                  icon="mail"
                  iconPosition="left"
                  onChange={[Function]}
                  placeholder="Email"
                  required={true}
                />
                <FormButton
                  as={[Function]}
                  control={[Function]}
                  primary={true}
                  type="submit"
                >
                  Reset Password
                </FormButton>
              </Form>,
              "raised": true,
              "secondary": true,
            },
            "ref": null,
            "rendered": Object {
              "instance": null,
              "key": undefined,
              "nodeType": "class",
              "props": Object {
                "as": "form",
                "children": Array [
                  <FormInput
                    as={[Function]}
                    control={[Function]}
                    error={null}
                    icon="mail"
                    iconPosition="left"
                    onChange={[Function]}
                    placeholder="Email"
                    required={true}
                  />,
                  <FormButton
                    as={[Function]}
                    control={[Function]}
                    primary={true}
                    type="submit"
                  >
                    Reset Password
                  </FormButton>,
                ],
                "floated": "left",
                "onSubmit": [Function],
              },
              "ref": null,
              "rendered": Array [
                Object {
                  "instance": null,
                  "key": undefined,
                  "nodeType": "function",
                  "props": Object {
                    "as": [Function],
                    "control": [Function],
                    "error": null,
                    "icon": "mail",
                    "iconPosition": "left",
                    "onChange": [Function],
                    "placeholder": "Email",
                    "required": true,
                  },
                  "ref": null,
                  "rendered": null,
                  "type": [Function],
                },
                Object {
                  "instance": null,
                  "key": undefined,
                  "nodeType": "function",
                  "props": Object {
                    "as": [Function],
                    "children": "Reset Password",
                    "control": [Function],
                    "primary": true,
                    "type": "submit",
                  },
                  "ref": null,
                  "rendered": "Reset Password",
                  "type": [Function],
                },
              ],
              "type": [Function],
            },
            "type": [Function],
          },
          "type": [Function],
        },
        "type": [Function],
      },
    ],
    "type": [Function],
  },
  Symbol(enzyme.__nodes__): Array [
    Object {
      "instance": null,
      "key": undefined,
      "nodeType": "function",
      "props": Object {
        "centered": true,
        "children": Array [
          <GridRow>
            <Header
              size="huge"
            >
              Password Reset
            </Header>
          </GridRow>,
          <GridRow>
            <p>
              Forgotten your password?
            </p>
          </GridRow>,
          <GridRow>
            <p>
              Enter your e-mail address below, and we'll send you an e-mail allowing you to reset it.
            </p>
          </GridRow>,
          null,
          null,
          <GridRow>
            <GridColumn
              width={4}
            >
              <Segment
                raised={true}
                secondary={true}
              >
                <Form
                  as="form"
                  floated="left"
                  onSubmit={[Function]}
                >
                  <FormInput
                    as={[Function]}
                    control={[Function]}
                    error={null}
                    icon="mail"
                    iconPosition="left"
                    onChange={[Function]}
                    placeholder="Email"
                    required={true}
                  />
                  <FormButton
                    as={[Function]}
                    control={[Function]}
                    primary={true}
                    type="submit"
                  >
                    Reset Password
                  </FormButton>
                </Form>
              </Segment>
            </GridColumn>
          </GridRow>,
        ],
        "columns": 16,
      },
      "ref": null,
      "rendered": Array [
        Object {
          "instance": null,
          "key": undefined,
          "nodeType": "function",
          "props": Object {
            "children": <Header
              size="huge"
            >
              Password Reset
            </Header>,
          },
          "ref": null,
          "rendered": Object {
            "instance": null,
            "key": undefined,
            "nodeType": "function",
            "props": Object {
              "children": "Password Reset",
              "size": "huge",
            },
            "ref": null,
            "rendered": "Password Reset",
            "type": [Function],
          },
          "type": [Function],
        },
        Object {
          "instance": null,
          "key": undefined,
          "nodeType": "function",
          "props": Object {
            "children": <p>
              Forgotten your password?
            </p>,
          },
          "ref": null,
          "rendered": Object {
            "instance": null,
            "key": undefined,
            "nodeType": "host",
            "props": Object {
              "children": "Forgotten your password?",
            },
            "ref": null,
            "rendered": "Forgotten your password?",
            "type": "p",
          },
          "type": [Function],
        },
        Object {
          "instance": null,
          "key": undefined,
          "nodeType": "function",
          "props": Object {
            "children": <p>
              Enter your e-mail address below, and we'll send you an e-mail allowing you to reset it.
            </p>,
          },
          "ref": null,
          "rendered": Object {
            "instance": null,
            "key": undefined,
            "nodeType": "host",
            "props": Object {
              "children": "Enter your e-mail address below, and we'll send you an e-mail allowing you to reset it.",
            },
            "ref": null,
            "rendered": "Enter your e-mail address below, and we'll send you an e-mail allowing you to reset it.",
            "type": "p",
          },
          "type": [Function],
        },
        null,
        null,
        Object {
          "instance": null,
          "key": undefined,
          "nodeType": "function",
          "props": Object {
            "children": <GridColumn
              width={4}
            >
              <Segment
                raised={true}
                secondary={true}
              >
                <Form
                  as="form"
                  floated="left"
                  onSubmit={[Function]}
                >
                  <FormInput
                    as={[Function]}
                    control={[Function]}
                    error={null}
                    icon="mail"
                    iconPosition="left"
                    onChange={[Function]}
                    placeholder="Email"
                    required={true}
                  />
                  <FormButton
                    as={[Function]}
                    control={[Function]}
                    primary={true}
                    type="submit"
                  >
                    Reset Password
                  </FormButton>
                </Form>
              </Segment>
            </GridColumn>,
          },
          "ref": null,
          "rendered": Object {
            "instance": null,
            "key": undefined,
            "nodeType": "function",
            "props": Object {
              "children": <Segment
                raised={true}
                secondary={true}
              >
                <Form
                  as="form"
                  floated="left"
                  onSubmit={[Function]}
                >
                  <FormInput
                    as={[Function]}
                    control={[Function]}
                    error={null}
                    icon="mail"
                    iconPosition="left"
                    onChange={[Function]}
                    placeholder="Email"
                    required={true}
                  />
                  <FormButton
                    as={[Function]}
                    control={[Function]}
                    primary={true}
                    type="submit"
                  >
                    Reset Password
                  </FormButton>
                </Form>
              </Segment>,
              "width": 4,
            },
            "ref": null,
            "rendered": Object {
              "instance": null,
              "key": undefined,
              "nodeType": "function",
              "props": Object {
                "children": <Form
                  as="form"
                  floated="left"
                  onSubmit={[Function]}
                >
                  <FormInput
                    as={[Function]}
                    control={[Function]}
                    error={null}
                    icon="mail"
                    iconPosition="left"
                    onChange={[Function]}
                    placeholder="Email"
                    required={true}
                  />
                  <FormButton
                    as={[Function]}
                    control={[Function]}
                    primary={true}
                    type="submit"
                  >
                    Reset Password
                  </FormButton>
                </Form>,
                "raised": true,
                "secondary": true,
              },
              "ref": null,
              "rendered": Object {
                "instance": null,
                "key": undefined,
                "nodeType": "class",
                "props": Object {
                  "as": "form",
                  "children": Array [
                    <FormInput
                      as={[Function]}
                      control={[Function]}
                      error={null}
                      icon="mail"
                      iconPosition="left"
                      onChange={[Function]}
                      placeholder="Email"
                      required={true}
                    />,
                    <FormButton
                      as={[Function]}
                      control={[Function]}
                      primary={true}
                      type="submit"
                    >
                      Reset Password
                    </FormButton>,
                  ],
                  "floated": "left",
                  "onSubmit": [Function],
                },
                "ref": null,
                "rendered": Array [
                  Object {
                    "instance": null,
                    "key": undefined,
                    "nodeType": "function",
                    "props": Object {
                      "as": [Function],
                      "control": [Function],
                      "error": null,
                      "icon": "mail",
                      "iconPosition": "left",
                      "onChange": [Function],
                      "placeholder": "Email",
                      "required": true,
                    },
                    "ref": null,
                    "rendered": null,
                    "type": [Function],
                  },
                  Object {
                    "instance": null,
                    "key": undefined,
                    "nodeType": "function",
                    "props": Object {
                      "as": [Function],
                      "children": "Reset Password",
                      "control": [Function],
                      "primary": true,
                      "type": "submit",
                    },
                    "ref": null,
                    "rendered": "Reset Password",
                    "type": [Function],
                  },
                ],
                "type": [Function],
              },
              "type": [Function],
            },
            "type": [Function],
          },
          "type": [Function],
        },
      ],
      "type": [Function],
    },
  ],
  Symbol(enzyme.__options__): Object {
    "adapter": ReactSixteenAdapter {
      "options": Object {
        "enableComponentDidUpdateOnSetState": true,
        "legacyContextMode": "parent",
        "lifecycles": Object {
          "componentDidUpdate": Object {
            "onSetState": true,
          },
          "getChildContext": Object {
            "calledByRenderer": false,
          },
          "getDerivedStateFromError": true,
          "getDerivedStateFromProps": Object {
            "hasShouldComponentUpdateBug": false,
          },
          "getSnapshotBeforeUpdate": true,
          "setState": Object {
            "skipsComponentDidUpdateOnNullish": true,
          },
        },
      },
    },
  },
  Symbol(enzyme.__childContext__): null,
}
`;
