// Jest Snapshot v1, https://goo.gl/fbAQLP

exports[`SignUp renders on the page with no errors 1`] = `
<Fragment>
  <Grid
    centered={true}
    columns={16}
  >
    <GridRow>
      <Header
        size="huge"
      >
        <FormattedMessage
          defaultMessage="Sign Up"
          id="app.signup.header"
          values={Object {}}
        />
      </Header>
    </GridRow>
    <GridRow>
      <p>
        <FormattedMessage
          defaultMessage="Already have an account? Then please"
          id="app.signup.check_1"
          values={Object {}}
        />
        Already have an account? Then please
         
        <a
          href="/accounts/login"
        >
          <FormattedMessage
            defaultMessage="sign in."
            id="app.signup.check_2"
            values={Object {}}
          />
        </a>
      </p>
    </GridRow>
    <GridRow>
      <GridColumn
        width={4}
      >
        <Segment
          raised={true}
          secondary={true}
        >
          <Form
            as="form"
            floated="left"
            onSubmit={[Function]}
          >
            <FormInput
              as={[Function]}
              control={[Function]}
              error={null}
              icon="user"
              iconPosition="left"
              onChange={[Function]}
              placeholder="Username"
              required={true}
            />
            <FormInput
              as={[Function]}
              control={[Function]}
              error={null}
              icon="mail"
              iconPosition="left"
              onChange={[Function]}
              placeholder="Email"
              required={true}
            />
            <FormInput
              as={[Function]}
              control={[Function]}
              error={null}
              icon="lock"
              iconPosition="left"
              onChange={[Function]}
              placeholder="Password"
              required={true}
              type="password"
            />
            <FormInput
              as={[Function]}
              control={[Function]}
              error={null}
              icon="lock"
              iconPosition="left"
              onChange={[Function]}
              placeholder="Password"
              required={true}
              type="password"
            />
            <FormButton
              as={[Function]}
              control={[Function]}
              primary={true}
              type="submit"
            >
              <FormattedMessage
                defaultMessage="Sign Up"
                id="app.signup.signup"
                values={Object {}}
              />
            </FormButton>
          </Form>
        </Segment>
      </GridColumn>
    </GridRow>
  </Grid>
</Fragment>
`;
