// Jest Snapshot v1, https://goo.gl/fbAQLP

exports[`App renders on the page with no errors 1`] = `
ShallowWrapper {
  "length": 1,
  Symbol(enzyme.__root__): [Circular],
  Symbol(enzyme.__unrendered__): <withCookies(Component) />,
  Symbol(enzyme.__renderer__): Object {
    "batchedUpdates": [Function],
    "getNode": [Function],
    "render": [Function],
    "simulateEvent": [Function],
    "unmount": [Function],
  },
  Symbol(enzyme.__node__): Object {
    "instance": null,
    "key": undefined,
    "nodeType": "class",
    "props": Object {
      "allCookies": Object {},
      "cookies": Cookies {
        "HAS_DOCUMENT_COOKIE": true,
        "changeListeners": Array [
          [Function],
        ],
        "cookies": Object {},
        "hooks": undefined,
      },
    },
    "ref": null,
    "rendered": null,
    "type": [Function],
  },
  Symbol(enzyme.__nodes__): Array [
    Object {
      "instance": null,
      "key": undefined,
      "nodeType": "class",
      "props": Object {
        "allCookies": Object {},
        "cookies": Cookies {
          "HAS_DOCUMENT_COOKIE": true,
          "changeListeners": Array [
            [Function],
          ],
          "cookies": Object {},
          "hooks": undefined,
        },
      },
      "ref": null,
      "rendered": null,
      "type": [Function],
    },
  ],
  Symbol(enzyme.__options__): Object {
    "adapter": ReactSixteenAdapter {
      "options": Object {
        "enableComponentDidUpdateOnSetState": true,
      },
    },
    "context": Object {
      "cookies": Cookies {
        "HAS_DOCUMENT_COOKIE": true,
        "changeListeners": Array [
          [Function],
        ],
        "cookies": Object {},
        "hooks": undefined,
      },
    },
  },
}
`;
