// Jest Snapshot v1, https://goo.gl/fbAQLP

exports[`The ProgramList component renders on the page with no errors 1`] = `
ShallowWrapper {
  Symbol(enzyme.__root__): [Circular],
  Symbol(enzyme.__unrendered__): <ProgramList
    changeReadOnly={[MockFunction]}
    fetchProgram={[MockFunction]}
    fetchPrograms={
      [MockFunction] {
        "calls": Array [
          Array [
            Object {
              "user": 1,
            },
          ],
        ],
        "results": Array [
          Object {
            "isThrow": false,
            "value": Promise {},
          },
        ],
      }
    }
    programs={
      Object {
        "next": null,
        "previous": null,
        "results": Array [],
        "total_pages": 1,
      }
    }
    removeProgram={[MockFunction]}
    user={
      Object {
        "user_id": 1,
      }
    }
    userPrograms={
      Object {
        "next": null,
        "previous": null,
        "results": Array [],
        "total_pages": 1,
      }
    }
  />,
  Symbol(enzyme.__renderer__): Object {
    "batchedUpdates": [Function],
    "checkPropTypes": [Function],
    "getNode": [Function],
    "render": [Function],
    "simulateError": [Function],
    "simulateEvent": [Function],
    "unmount": [Function],
  },
  Symbol(enzyme.__node__): Object {
    "instance": null,
    "key": undefined,
    "nodeType": "function",
    "props": Object {
      "children": Array [
        <Button
          as={[Function]}
          primary={true}
          style={
            Object {
              "marginLeft": "10%",
            }
          }
          to="/mission-control"
        >
          <Icon
            as="i"
            name="plus"
          />
          New Program
        </Button>,
        null,
        <Segment
          raised={true}
          style={
            Object {
              "margin": "10px 10% 10px 10%",
            }
          }
        >
          <ProgramCollection
            label="My Programs"
            onProgramClick={[Function]}
            onRemoveClick={[Function]}
            onUpdate={[Function]}
            owned={true}
            programs={
              Object {
                "next": null,
                "previous": null,
                "results": Array [],
                "total_pages": 1,
              }
            }
          />
        </Segment>,
        <Segment
          raised={true}
          style={
            Object {
              "margin": "10px 10% 10px 10%",
            }
          }
        >
          <ProgramCollection
            label="Find More"
            onProgramClick={[Function]}
            onRemoveClick={[Function]}
            onUpdate={[Function]}
            owned={false}
            programs={
              Object {
                "next": null,
                "previous": null,
                "results": Array [],
                "total_pages": 1,
              }
            }
          />
        </Segment>,
        <Confirm
          cancelButton="No"
          confirmButton="Yes"
          content="Are you sure you want to remove null?"
          header="Remove Program"
          onCancel={[Function]}
          onConfirm={[Function]}
          open={false}
          size="small"
        />,
      ],
    },
    "ref": null,
    "rendered": Array [
      Object {
        "instance": null,
        "key": undefined,
        "nodeType": "class",
        "props": Object {
          "as": [Function],
          "children": Array [
            <Icon
              as="i"
              name="plus"
            />,
            "New Program",
          ],
          "primary": true,
          "style": Object {
            "marginLeft": "10%",
          },
          "to": "/mission-control",
        },
        "ref": null,
        "rendered": Array [
          Object {
            "instance": null,
            "key": undefined,
            "nodeType": "class",
            "props": Object {
              "as": "i",
              "name": "plus",
            },
            "ref": null,
            "rendered": null,
            "type": [Function],
          },
          "New Program",
        ],
        "type": [Function],
      },
      null,
      Object {
        "instance": null,
        "key": undefined,
        "nodeType": "function",
        "props": Object {
          "children": <ProgramCollection
            label="My Programs"
            onProgramClick={[Function]}
            onRemoveClick={[Function]}
            onUpdate={[Function]}
            owned={true}
            programs={
              Object {
                "next": null,
                "previous": null,
                "results": Array [],
                "total_pages": 1,
              }
            }
          />,
          "raised": true,
          "style": Object {
            "margin": "10px 10% 10px 10%",
          },
        },
        "ref": null,
        "rendered": Object {
          "instance": null,
          "key": undefined,
          "nodeType": "class",
          "props": Object {
            "label": "My Programs",
            "onProgramClick": [Function],
            "onRemoveClick": [Function],
            "onUpdate": [Function],
            "owned": true,
            "programs": Object {
              "next": null,
              "previous": null,
              "results": Array [],
              "total_pages": 1,
            },
          },
          "ref": null,
          "rendered": null,
          "type": [Function],
        },
        "type": [Function],
      },
      Object {
        "instance": null,
        "key": undefined,
        "nodeType": "function",
        "props": Object {
          "children": <ProgramCollection
            label="Find More"
            onProgramClick={[Function]}
            onRemoveClick={[Function]}
            onUpdate={[Function]}
            owned={false}
            programs={
              Object {
                "next": null,
                "previous": null,
                "results": Array [],
                "total_pages": 1,
              }
            }
          />,
          "raised": true,
          "style": Object {
            "margin": "10px 10% 10px 10%",
          },
        },
        "ref": null,
        "rendered": Object {
          "instance": null,
          "key": undefined,
          "nodeType": "class",
          "props": Object {
            "label": "Find More",
            "onProgramClick": [Function],
            "onRemoveClick": [Function],
            "onUpdate": [Function],
            "owned": false,
            "programs": Object {
              "next": null,
              "previous": null,
              "results": Array [],
              "total_pages": 1,
            },
          },
          "ref": null,
          "rendered": null,
          "type": [Function],
        },
        "type": [Function],
      },
      Object {
        "instance": null,
        "key": undefined,
        "nodeType": "class",
        "props": Object {
          "cancelButton": "No",
          "confirmButton": "Yes",
          "content": "Are you sure you want to remove null?",
          "header": "Remove Program",
          "onCancel": [Function],
          "onConfirm": [Function],
          "open": false,
          "size": "small",
        },
        "ref": null,
        "rendered": null,
        "type": [Function],
      },
    ],
    "type": Symbol(react.fragment),
  },
  Symbol(enzyme.__nodes__): Array [
    Object {
      "instance": null,
      "key": undefined,
      "nodeType": "function",
      "props": Object {
        "children": Array [
          <Button
            as={[Function]}
            primary={true}
            style={
              Object {
                "marginLeft": "10%",
              }
            }
            to="/mission-control"
          >
            <Icon
              as="i"
              name="plus"
            />
            New Program
          </Button>,
          null,
          <Segment
            raised={true}
            style={
              Object {
                "margin": "10px 10% 10px 10%",
              }
            }
          >
            <ProgramCollection
              label="My Programs"
              onProgramClick={[Function]}
              onRemoveClick={[Function]}
              onUpdate={[Function]}
              owned={true}
              programs={
                Object {
                  "next": null,
                  "previous": null,
                  "results": Array [],
                  "total_pages": 1,
                }
              }
            />
          </Segment>,
          <Segment
            raised={true}
            style={
              Object {
                "margin": "10px 10% 10px 10%",
              }
            }
          >
            <ProgramCollection
              label="Find More"
              onProgramClick={[Function]}
              onRemoveClick={[Function]}
              onUpdate={[Function]}
              owned={false}
              programs={
                Object {
                  "next": null,
                  "previous": null,
                  "results": Array [],
                  "total_pages": 1,
                }
              }
            />
          </Segment>,
          <Confirm
            cancelButton="No"
            confirmButton="Yes"
            content="Are you sure you want to remove null?"
            header="Remove Program"
            onCancel={[Function]}
            onConfirm={[Function]}
            open={false}
            size="small"
          />,
        ],
      },
      "ref": null,
      "rendered": Array [
        Object {
          "instance": null,
          "key": undefined,
          "nodeType": "class",
          "props": Object {
            "as": [Function],
            "children": Array [
              <Icon
                as="i"
                name="plus"
              />,
              "New Program",
            ],
            "primary": true,
            "style": Object {
              "marginLeft": "10%",
            },
            "to": "/mission-control",
          },
          "ref": null,
          "rendered": Array [
            Object {
              "instance": null,
              "key": undefined,
              "nodeType": "class",
              "props": Object {
                "as": "i",
                "name": "plus",
              },
              "ref": null,
              "rendered": null,
              "type": [Function],
            },
            "New Program",
          ],
          "type": [Function],
        },
        null,
        Object {
          "instance": null,
          "key": undefined,
          "nodeType": "function",
          "props": Object {
            "children": <ProgramCollection
              label="My Programs"
              onProgramClick={[Function]}
              onRemoveClick={[Function]}
              onUpdate={[Function]}
              owned={true}
              programs={
                Object {
                  "next": null,
                  "previous": null,
                  "results": Array [],
                  "total_pages": 1,
                }
              }
            />,
            "raised": true,
            "style": Object {
              "margin": "10px 10% 10px 10%",
            },
          },
          "ref": null,
          "rendered": Object {
            "instance": null,
            "key": undefined,
            "nodeType": "class",
            "props": Object {
              "label": "My Programs",
              "onProgramClick": [Function],
              "onRemoveClick": [Function],
              "onUpdate": [Function],
              "owned": true,
              "programs": Object {
                "next": null,
                "previous": null,
                "results": Array [],
                "total_pages": 1,
              },
            },
            "ref": null,
            "rendered": null,
            "type": [Function],
          },
          "type": [Function],
        },
        Object {
          "instance": null,
          "key": undefined,
          "nodeType": "function",
          "props": Object {
            "children": <ProgramCollection
              label="Find More"
              onProgramClick={[Function]}
              onRemoveClick={[Function]}
              onUpdate={[Function]}
              owned={false}
              programs={
                Object {
                  "next": null,
                  "previous": null,
                  "results": Array [],
                  "total_pages": 1,
                }
              }
            />,
            "raised": true,
            "style": Object {
              "margin": "10px 10% 10px 10%",
            },
          },
          "ref": null,
          "rendered": Object {
            "instance": null,
            "key": undefined,
            "nodeType": "class",
            "props": Object {
              "label": "Find More",
              "onProgramClick": [Function],
              "onRemoveClick": [Function],
              "onUpdate": [Function],
              "owned": false,
              "programs": Object {
                "next": null,
                "previous": null,
                "results": Array [],
                "total_pages": 1,
              },
            },
            "ref": null,
            "rendered": null,
            "type": [Function],
          },
          "type": [Function],
        },
        Object {
          "instance": null,
          "key": undefined,
          "nodeType": "class",
          "props": Object {
            "cancelButton": "No",
            "confirmButton": "Yes",
            "content": "Are you sure you want to remove null?",
            "header": "Remove Program",
            "onCancel": [Function],
            "onConfirm": [Function],
            "open": false,
            "size": "small",
          },
          "ref": null,
          "rendered": null,
          "type": [Function],
        },
      ],
      "type": Symbol(react.fragment),
    },
  ],
  Symbol(enzyme.__options__): Object {
    "adapter": ReactSixteenAdapter {
      "options": Object {
        "enableComponentDidUpdateOnSetState": true,
        "legacyContextMode": "parent",
        "lifecycles": Object {
          "componentDidUpdate": Object {
            "onSetState": true,
          },
          "getChildContext": Object {
            "calledByRenderer": false,
          },
          "getDerivedStateFromError": true,
          "getDerivedStateFromProps": Object {
            "hasShouldComponentUpdateBug": false,
          },
          "getSnapshotBeforeUpdate": true,
          "setState": Object {
            "skipsComponentDidUpdateOnNullish": true,
          },
        },
      },
    },
    Symbol(enzyme.__providerValues__): undefined,
  },
  Symbol(enzyme.__providerValues__): Map {},
  Symbol(enzyme.__childContext__): null,
}
`;
